// Vitest Snapshot v1, https://vitest.dev/guide/snapshot.html

exports[`the real corpus > matches the structural digest of 04 Your kind of business/01-vehicle-dealer.md 1`] = `
{
  "appliesTo": {
    "businessTypes": [
      "vehicle-dealer",
    ],
    "entity": "all",
  },
  "blocks": [
    "intro.1 paragraph",
    "intro.2 paragraph",
    "words-used-in-this-file heading",
    "words-used-in-this-file.1 terms ×13",
    "words-used-in-this-file.2 hr",
    "words-used-in-this-file.3 paragraph",
    "words-used-in-this-file.4 hr",
    "quick-answer-what-you-must-have heading",
    "quick-answer-what-you-must-have.1 paragraph",
    "quick-answer-what-you-must-have.2 list ×7",
    "quick-answer-what-you-must-have.3 paragraph",
    "quick-answer-what-you-must-have.4 list ×4",
    "quick-answer-what-you-must-have.5 hr",
    "layer-1-saps-second-hand-goods-dealer-registration heading",
    "layer-1-saps-second-hand-goods-dealer-registration.1 paragraph",
    "layer-1-saps-second-hand-goods-dealer-registration.2 paragraph",
    "layer-1-saps-second-hand-goods-dealer-registration.3 paragraph",
    "layer-1-saps-second-hand-goods-dealer-registration.4 paragraph",
    "layer-1-saps-second-hand-goods-dealer-registration.5 callout",
    "how-to-register heading",
    "how-to-register.1 paragraph",
    "how-to-register.2 callout",
    "how-to-register.3 paragraph",
    "how-to-register.4 paragraph",
    "how-to-register.5 callout",
    "how-to-register.6 paragraph",
    "how-to-register.7 paragraph",
    "how-to-register.8 paragraph",
    "the-register-you-must-keep heading",
    "the-register-you-must-keep.1 paragraph",
    "the-register-you-must-keep.2 paragraph",
    "the-register-you-must-keep.3 callout",
    "the-register-you-must-keep.4 paragraph",
    "the-register-you-must-keep.5 paragraph",
    "the-register-you-must-keep.6 callout",
    "the-register-you-must-keep.7 paragraph",
    "keeping-your-registration-valid heading",
    "keeping-your-registration-valid.1 paragraph",
    "keeping-your-registration-valid.2 callout",
    "keeping-your-registration-valid.3 paragraph",
    "keeping-your-registration-valid.4 callout",
    "keeping-your-registration-valid.5 paragraph",
    "inspections heading",
    "inspections.1 paragraph",
    "inspections.2 paragraph",
    "inspections.3 hr",
    "layer-2-getting-vehicles-registered-to-the-business heading",
    "layer-2-getting-vehicles-registered-to-the-business.1 paragraph",
    "layer-2-getting-vehicles-registered-to-the-business.2 paragraph",
    "if-you-trade-as-a-company heading",
    "if-you-trade-as-a-company.1 paragraph",
    "if-you-trade-as-a-company.2 paragraph",
    "if-you-trade-as-a-sole-proprietor heading",
    "if-you-trade-as-a-sole-proprietor.1 paragraph",
    "if-you-trade-as-a-sole-proprietor.2 paragraph",
    "if-you-trade-as-a-sole-proprietor.3 paragraph",
    "if-you-trade-as-a-sole-proprietor.4 callout",
    "if-you-trade-as-a-sole-proprietor.5 paragraph",
    "if-you-trade-as-a-sole-proprietor.6 hr",
    "layer-3-motor-trade-numbers heading",
    "layer-3-motor-trade-numbers.1 paragraph",
    "layer-3-motor-trade-numbers.2 paragraph",
    "layer-3-motor-trade-numbers.3 callout",
    "layer-3-motor-trade-numbers.4 paragraph",
    "how-to-apply heading",
    "how-to-apply.1 paragraph",
    "how-to-apply.2 paragraph",
    "cost heading",
    "cost.1 paragraph",
    "cost.2 paragraph",
    "cost.3 callout",
    "cost.4 paragraph",
    "do-you-actually-need-one heading",
    "do-you-actually-need-one.1 paragraph",
    "do-you-actually-need-one.2 paragraph",
    "do-you-actually-need-one.3 hr",
    "the-legal-risk-that-matters-most-the-consumer-protection-act heading",
    "the-legal-risk-that-matters-most-the-consumer-protection-act.1 paragraph",
    "voetstoots-does-not-protect-you heading",
    "voetstoots-does-not-protect-you.1 paragraph",
    "voetstoots-does-not-protect-you.2 callout",
    "voetstoots-does-not-protect-you.3 paragraph",
    "voetstoots-does-not-protect-you.4 paragraph",
    "voetstoots-does-not-protect-you.5 callout",
    "voetstoots-does-not-protect-you.6 paragraph",
    "what-the-warranty-actually-says heading",
    "what-the-warranty-actually-says.1 paragraph",
    "what-the-warranty-actually-says.2 callout",
    "what-the-warranty-actually-says.3 paragraph",
    "what-the-warranty-actually-says.4 callout",
    "what-the-warranty-actually-says.5 paragraph",
    "what-the-warranty-actually-says.6 paragraph",
    "the-one-defence-that-works heading",
    "the-one-defence-that-works.1 paragraph",
    "the-one-defence-that-works.2 callout",
    "the-one-defence-that-works.3 paragraph",
    "the-one-defence-that-works.4 paragraph",
    "the-one-defence-that-works.5 paragraph",
    "the-one-defence-that-works.6 paragraph",
    "the-one-defence-that-works.7 paragraph",
    "the-one-defence-that-works.8 paragraph",
    "the-one-defence-that-works.9 paragraph",
    "where-disputes-go heading",
    "where-disputes-go.1 paragraph",
    "where-disputes-go.2 paragraph",
    "where-disputes-go.3 paragraph",
    "where-disputes-go.4 paragraph",
    "where-disputes-go.5 callout",
    "where-disputes-go.6 paragraph",
    "where-disputes-go.7 hr",
    "vat-register-earlier-than-other-businesses heading",
    "vat-register-earlier-than-other-businesses.1 paragraph",
    "how-notional-input-tax-works heading",
    "how-notional-input-tax-works.1 paragraph",
    "how-notional-input-tax-works.2 paragraph",
    "how-notional-input-tax-works.3 paragraph",
    "how-notional-input-tax-works.4 callout",
    "how-notional-input-tax-works.5 paragraph",
    "how-notional-input-tax-works.6 paragraph",
    "how-notional-input-tax-works.7 paragraph",
    "how-notional-input-tax-works.8 callout",
    "how-notional-input-tax-works.9 paragraph",
    "the-conditions-you-must-meet heading",
    "the-conditions-you-must-meet.1 paragraph",
    "the-conditions-you-must-meet.2 paragraph",
    "the-conditions-you-must-meet.3 paragraph",
    "the-conditions-you-must-meet.4 paragraph",
    "the-conditions-you-must-meet.5 paragraph",
    "the-decision heading",
    "the-decision.1 paragraph",
    "the-decision.2 paragraph",
    "the-decision.3 paragraph",
    "turnover-tax-is-almost-certainly-wrong-for-a-dealer heading",
    "turnover-tax-is-almost-certainly-wrong-for-a-dealer.1 paragraph",
    "turnover-tax-is-almost-certainly-wrong-for-a-dealer.2 paragraph",
    "turnover-tax-is-almost-certainly-wrong-for-a-dealer.3 paragraph",
    "turnover-tax-is-almost-certainly-wrong-for-a-dealer.4 paragraph",
    "turnover-tax-is-almost-certainly-wrong-for-a-dealer.5 hr",
    "paperwork-on-every-deal heading",
    "when-you-buy-a-vehicle-in heading",
    "when-you-buy-a-vehicle-in.1 list ×8",
    "when-you-buy-a-vehicle-in.2 paragraph",
    "when-you-sell-a-vehicle-out heading",
    "when-you-sell-a-vehicle-out.1 list ×7",
    "when-you-sell-a-vehicle-out.2 callout",
    "when-you-sell-a-vehicle-out.3 paragraph",
    "when-you-sell-a-vehicle-out.4 paragraph",
    "when-you-sell-a-vehicle-out.5 hr",
    "two-things-about-stock-that-surprise-new-dealers heading",
    "unsold-vehicles-at-year-end-are-taxed-as-trading-stock heading",
    "unsold-vehicles-at-year-end-are-taxed-as-trading-stock.1 paragraph",
    "unsold-vehicles-at-year-end-are-taxed-as-trading-stock.2 paragraph",
    "unsold-vehicles-at-year-end-are-taxed-as-trading-stock.3 paragraph",
    "if-a-bank-finances-your-stock-the-bank-holds-title heading",
    "if-a-bank-finances-your-stock-the-bank-holds-title.1 paragraph",
    "if-a-bank-finances-your-stock-the-bank-holds-title.2 paragraph",
    "holding-deposits heading",
    "holding-deposits.1 paragraph",
    "holding-deposits.2 paragraph",
    "holding-deposits.3 paragraph",
    "other-registrations-that-may-apply heading",
    "municipal-business-licence-and-zoning heading",
    "municipal-business-licence-and-zoning.1 paragraph",
    "municipal-business-licence-and-zoning.2 paragraph",
    "if-you-extend-credit-yourself heading",
    "if-you-extend-credit-yourself.1 paragraph",
    "if-you-extend-credit-yourself.2 paragraph",
    "if-you-extend-credit-yourself.3 paragraph",
    "if-you-extend-credit-yourself.4 paragraph",
    "if-you-sell-warranties-insurance-or-arrange-finance heading",
    "if-you-sell-warranties-insurance-or-arrange-finance.1 paragraph",
    "if-you-sell-warranties-insurance-or-arrange-finance.2 paragraph",
    "imported-vehicles heading",
    "imported-vehicles.1 paragraph",
    "imported-vehicles.2 paragraph",
    "imported-vehicles.3 callout",
    "imported-vehicles.4 paragraph",
    "voluntary-industry-membership heading",
    "voluntary-industry-membership.1 paragraph",
    "voluntary-industry-membership.2 hr",
    "dealing-from-home-with-no-yard heading",
    "dealing-from-home-with-no-yard.1 paragraph",
    "dealing-from-home-with-no-yard.2 paragraph",
    "dealing-from-home-with-no-yard.3 paragraph",
    "dealing-from-home-with-no-yard.4 paragraph",
    "dealing-from-home-with-no-yard.5 paragraph",
    "dealing-from-home-with-no-yard.6 list ×5",
    "growing-beyond-vehicles heading",
    "growing-beyond-vehicles.1 paragraph",
    "growing-beyond-vehicles.2 paragraph",
    "growing-beyond-vehicles.3 paragraph",
    "insurance heading",
    "insurance.1 paragraph",
    "insurance.2 paragraph",
    "insurance.3 list ×5",
    "insurance.4 paragraph",
    "insurance.5 hr",
    "your-startup-checklist heading",
    "your-startup-checklist.1 tasklist ×10",
    "your-startup-checklist.2 tasklist ×5",
    "your-startup-checklist.3 tasklist ×7",
  ],
  "generated": {
    "date": "2026-09-13",
    "tool": "Claude, Anthropic",
  },
  "headings": [
    "words-used-in-this-file 2 false null",
    "quick-answer-what-you-must-have 2 false null",
    "layer-1-saps-second-hand-goods-dealer-registration 2 false null",
    "how-to-register 3 false null",
    "the-register-you-must-keep 3 false null",
    "keeping-your-registration-valid 3 false null",
    "inspections 3 false null",
    "layer-2-getting-vehicles-registered-to-the-business 2 false null",
    "if-you-trade-as-a-company 3 false {"entity":"pty"}",
    "if-you-trade-as-a-sole-proprietor 3 false {"entity":"sole-prop"}",
    "layer-3-motor-trade-numbers 2 false null",
    "how-to-apply 3 false null",
    "cost 3 false null",
    "do-you-actually-need-one 3 false null",
    "the-legal-risk-that-matters-most-the-consumer-protection-act 2 false null",
    "voetstoots-does-not-protect-you 3 false null",
    "what-the-warranty-actually-says 3 false null",
    "the-one-defence-that-works 3 false null",
    "where-disputes-go 3 false null",
    "vat-register-earlier-than-other-businesses 2 false null",
    "how-notional-input-tax-works 3 false null",
    "the-conditions-you-must-meet 3 false null",
    "the-decision 3 false null",
    "turnover-tax-is-almost-certainly-wrong-for-a-dealer 3 false null",
    "paperwork-on-every-deal 2 false null",
    "when-you-buy-a-vehicle-in 3 false null",
    "when-you-sell-a-vehicle-out 3 false null",
    "two-things-about-stock-that-surprise-new-dealers 2 false null",
    "unsold-vehicles-at-year-end-are-taxed-as-trading-stock 3 false null",
    "if-a-bank-finances-your-stock-the-bank-holds-title 3 false null",
    "holding-deposits 2 false null",
    "other-registrations-that-may-apply 2 false null",
    "municipal-business-licence-and-zoning 3 false null",
    "if-you-extend-credit-yourself 3 false null",
    "if-you-sell-warranties-insurance-or-arrange-finance 3 false null",
    "imported-vehicles 3 false null",
    "voluntary-industry-membership 3 false null",
    "dealing-from-home-with-no-yard 2 false null",
    "growing-beyond-vehicles 2 false null",
    "insurance 2 false null",
    "your-startup-checklist 2 false null",
  ],
  "id": "business-types/vehicle-dealer",
  "related": [
    "core/vehicles",
    "core/working-from-home-and-safety",
    "core/register",
    "core/tax-and-sars",
    "core/adding-new-lines",
  ],
  "sourceNote": null,
  "sources": {
    "acts": [
      "income-tax-act-58-of-1962",
      "value-added-tax-act-89-of-1991",
      "consumer-protection-act-68-of-2008",
      "businesses-act-71-of-1991",
      "second-hand-goods-act-6-of-2009",
      "national-road-traffic-act-93-of-1996",
      "national-credit-act-34-of-2005",
      "financial-advisory-and-intermediary-services-act-37-of-2002",
    ],
    "entries": [
      "sars--budget-2026-frequently-asked-questions",
      "sars--what-is-the-new-threshold-for-vat-registration",
      "sars--vat-420-guide-for-motor-dealers",
      "sars--vat-connect-issue-20-october-2025",
      "sars--vat-264-declaration-for-the-supply-of-second-hand-goods",
      "consumer-goods-and-services-ombud--advisory-note-1-implied-warranty-of-quality",
      "enatis--natis--faqs-and-forms",
      "rlv-form--application-for-registration-and-licensing-of-motor-vehicle",
      "govza--apply-for-a-motor-trade-number-and-permit",
      "western-cape-government--motor-trade-number-applications",
      "govza--register-a-motor-vehicle",
      "department-of-transport--register-motor-vehicle",
      "governmentcoza--apply-for-a-traffic-register-number",
      "govchain-brnc-certificate-guide",
      "saps--second-hand-goods-act-6-of-2009-full-text",
      "saps--national-instruction-2-of-2016-second-hand-goods-dealers-and-recyclers",
      "saps--standard-operating-procedure-dealer-application-process",
      "saflii--second-hand-goods-act-consolidated-text",
      "nada-saps-dealer-inspections",
      "sme-south-africa",
      "hanekom-attorneys-webuycars-consent-order",
      "the-citizen",
      "moonstone",
      "department-of-justice--small-claims-courts",
      "department-of-justice--media-statement-22-july-2026",
      "businesses-act-71-of-1991",
      "mj-kotze-inc-credit-provider-registration",
      "flip-the-market",
      "tracker-south-africa",
      "carscoza",
      "motorhappy",
      "yebo-business-1",
      "small-claims-court-who-may-sue",
    ],
  },
  "tasks": [
    "business-types/vehicle-dealer:81105d14 {"businessTypes":["vehicle-dealer"]}",
    "business-types/vehicle-dealer:ddf401f6 {"businessTypes":["vehicle-dealer"]}",
    "business-types/vehicle-dealer:9df05312 {"businessTypes":["vehicle-dealer"]}",
    "business-types/vehicle-dealer:85d9f1a4 {"businessTypes":["vehicle-dealer"]}",
    "business-types/vehicle-dealer:e5ee625b {"businessTypes":["vehicle-dealer"]}",
    "business-types/vehicle-dealer:9d53e703 {"businessTypes":["vehicle-dealer"]}",
    "business-types/vehicle-dealer:96c81d0e {"businessTypes":["vehicle-dealer"]}",
    "business-types/vehicle-dealer:621643ad {"businessTypes":["vehicle-dealer"]}",
    "business-types/vehicle-dealer:70c5bd63 {"businessTypes":["vehicle-dealer"]}",
    "business-types/vehicle-dealer:4e32d6ab {"businessTypes":["vehicle-dealer"]}",
    "business-types/vehicle-dealer:45b57985 {"businessTypes":["vehicle-dealer"]}",
    "business-types/vehicle-dealer:0f979ec9 {"businessTypes":["vehicle-dealer"]}",
    "business-types/vehicle-dealer:5391018c {"businessTypes":["vehicle-dealer"]}",
    "business-types/vehicle-dealer:c0b079e3 {"businessTypes":["vehicle-dealer"]}",
    "business-types/vehicle-dealer:0735f705 {"businessTypes":["vehicle-dealer"]}",
    "business-types/vehicle-dealer:2af36b16 {"businessTypes":["vehicle-dealer"]}",
    "business-types/vehicle-dealer:856d737a {"businessTypes":["vehicle-dealer"]}",
    "business-types/vehicle-dealer:9f301304 {"businessTypes":["vehicle-dealer"]}",
    "business-types/vehicle-dealer:16c1d991 {"businessTypes":["vehicle-dealer"]}",
    "business-types/vehicle-dealer:b2a0d33d {"businessTypes":["vehicle-dealer"]}",
    "business-types/vehicle-dealer:dbcc89dc {"businessTypes":["vehicle-dealer"]}",
    "business-types/vehicle-dealer:5dfe11f3 {"businessTypes":["vehicle-dealer"],"tags":["home"]}",
  ],
  "terms": [
    "SAPS 601",
    "Register (noun)",
    "VIN",
    "BRNC",
    "Motor trade number",
    "Voetstoots",
    "Implied warranty",
    "Notional input tax",
    "VAT264",
    "Title holder",
    "NCO",
    "RLV",
    "Roadworthy",
  ],
  "verification": {
    "checkedOn": "2026-09-13",
    "status": "ai-checked",
  },
}
`;
